--- 2026-06-05-ARB-referensy-01.txt (тело 1266 знаков, запрос 1723 токенов) ---
{ "facts": [ 
   	  	  	  	  	  		] }

--- 2026-06-09-MDC-onlayn-zapis-02.txt (тело 847 знаков, запрос 1564 токенов) ---
{ "facts": [ 
   	  	  	  	  	  	] }

--- 2026-06-15-ARB-TZ-chernovik-01.txt (тело 1181 знаков, запрос 1713 токенов) ---
{ "facts": [  ]}

--- 2026-06-22-ARB-razrabotka-KP-01.txt (тело 1422 знаков, запрос 1808 токенов) ---
{ "facts": [ 
 							      	  	  ]}

--- 2026-06-22-MDC-CR-03-angliyskiy-yazyk-04.txt (тело 1157 знаков, запрос 1676 токенов) ---
{ "facts": [ 
 							      	  	  ]}

--- 2026-06-25-MDC-CR-03-angliyskiy-yazyk-03.txt (тело 722 знаков, запрос 1557 токенов) ---
{ "facts": [ 
 							    	   	  	] }

--- 2026-06-29-ARB-razrabotka-KP-02.txt (тело 1268 знаков, запрос 1706 токенов) ---
{ "facts": [ 
 							      	  	  ]}

--- 2026-06-22-ARB-razrabotka-KP-01.txt (тело 1422 знаков, запрос 1808 токенов) ---
{ "facts": [ 
 							      	  	  ]}

